Kind: Document
More:  
    Kind: Mapping
    More:  
        Kind: Scalar
        Head:
          "#   comment 1
          # comment 2"
        Text: "foo"
        
        Kind: Scalar
        Styl: Double
        Line: "#  comment 3"
        Text: "1 "
        
        Kind: Scalar
        Head:
          "#     comment 4
          "
        Foot: "#   comment 5"
        Text: "bar"
        
        Kind: Scalar
        Tag : !!int
        Text: "2"
        
